// Jest Snapshot v1, https://goo.gl/fbAQLP

exports[`LoaderComponent should not regret 1`] = `
<LoaderComponent
  error=""
  isInitialLoaded={true}
  isLoading={false}
  render={[Function]}
>
  <div
    id="fakeContent"
  >
    Fake Content
  </div>
</LoaderComponent>
`;
